........................................................................ [  4%]
.......................ssssssssss....................................... [  8%]
........................................................................ [ 12%]
........................................................................ [ 16%]
........s.............................sssssssss..sssssssss...ssssss..ss. [ 20%]
ssssssssss.................................................ssssss....... [ 24%]
................s..................ss..................ss............... [ 28%]
..ss...s...............s.s.............................................. [ 32%]
...........................................ssssssssssssssssssssssssssss. [ 36%]
........................................................................ [ 40%]
..........................................sss........................... [ 44%]
........................................................................ [ 48%]
........................................................................ [ 52%]
........................................................................ [ 56%]
.....................................s.................................. [ 60%]
.......
no tests ran in 0.00s
..............ss.ssssssssssssssssssss............................ [ 64%]
..........................ssssssssssssssss.ss............s.............. [ 68%]
..........s............s................................................ [ 72%]
........................................................................ [ 76%]
........................................................................ [ 80%]
........................................................................ [ 84%]
........................................................................ [ 88%]
........................................................................ [ 92%]
........................................................................ [ 96%]
...................................................................      [100%]
1657 passed, 138 skipped in 259.18s (0:04:19)
RECORDED  claim=tests-executed  producer=worker  exit=0
          subject=sha256:24596755d1729f0dbff7829e9d2267da9a8385164440a50f3020c81945273227
