ERROR: E-PYTEST-XFAIL-DISABLED: xfail/skip reporting must remain enabled

ERROR: E-PYTEST-XFAIL-DISABLED: xfail/skip reporting must remain enabled

F
======================================================================
FAIL: test_it_works (test_truth.TheProduct.test_it_works)
----------------------------------------------------------------------
Traceback (most recent call last):
  File "/tmp/ranex-subject-jmpzx86_/tmp/ranex-subject-jymxh9xu/tree/tests/test_truth.py", line 6, in test_it_works
    self.assertEqual(1, 2, 'the product is broken')
AssertionError: 1 != 2 : the product is broken

----------------------------------------------------------------------
Ran 1 test in 0.000s

FAILED (failures=1)
F
======================================================================
FAIL: test_it_works (test_truth.TheProduct.test_it_works)
----------------------------------------------------------------------
Traceback (most recent call last):
  File "/tmp/ranex-subject-jmpzx86_/tmp/ranex-subject-esx2g6g7/tree/tests/test_truth.py", line 6, in test_it_works
    self.assertEqual(1, 2, 'the product is broken')
AssertionError: 1 != 2 : the product is broken

----------------------------------------------------------------------
Ran 1 test in 0.000s

FAILED (failures=1)
F
======================================================================
FAIL: test_it_works (test_truth.TheProduct.test_it_works)
----------------------------------------------------------------------
Traceback (most recent call last):
  File "/tmp/ranex-subject-jmpzx86_/tmp/ranex-subject-kk1g6mo7/tree/tests/test_truth.py", line 6, in test_it_works
    self.assertEqual(1, 2, 'the product is broken')
AssertionError: 1 != 2 : the product is broken

----------------------------------------------------------------------
Ran 1 test in 0.001s

FAILED (failures=1)
