PASS  cli-surface
PASS  keygen-roundtrip
PASS  keygen-refuses-repo-paths
PASS  journal-chain
PASS  journal-tamper-detected
PASS  journal-nonjson-corruption
PASS  admission-unknown-producer
PASS  admission-bad-signature
PASS  admission-good-record
PASS  verdict-self-approval-blocks
PASS  verdict-contradiction-blocks
PASS  verdict-absence-blocks
PASS  signing-roundtrip
PASS  suite-freeze-drift
PASS  real-subject-digest-binding
PASS  command-digest-structural
PASS  proof-journal-chain-algebra
PASS  proof-journal-tamper-propagation
PASS  proof-canonical-agreement
PASS  proof-signature-determinism-stress
PASS  proof-digest-avalanche
PASS  proof-manifest-digest
PASS  logic-truth-table-addresses
PASS  logic-truth-table-satisfies
PASS  logic-demorgan-kernel-predicates
PASS  logic-preconditions-refuse
PASS  logic-evaluate-postconditions
PASS  graph-lock-dag
PASS  graph-selection-closure
PASS  numerics-publication-boundaries
PASS  numerics-canonical-refuses-nan
PASS  asymptotics-append-nondestructive
PASS  asymptotics-permutation-invariance
PASS  grid-admission-cartesian
PASS  boundary-results-cap
PASS  pigeonhole-archive-digests
PASS  canonical-fixed-point
PASS  formal-verdict-monotonicity
PASS  formal-irrelevance-invariance
PASS  formal-permutation-group-s4
PASS  formal-lock-closure-equality
PASS  formal-grid-pair-completeness
PASS  evolve-blind-spot-census

43/43 scenarios passed deterministically
