F                                                                        [100%]
=================================== FAILURES ===================================
____________________ test_real_ranex_bootstrap_or_host_skip ____________________

tmp_path = PosixPath('/tmp/pytest-of-soultransit/pytest-1212/test_real_ranex_bootstrap_or_h0')

    def test_real_ranex_bootstrap_or_host_skip(tmp_path: Path) -> None:
        if os.environ.get("RANEX_SLICE035_REAL") != "1":
            pytest.skip("SLICE-035 Ranex real bootstrap: set RANEX_SLICE035_REAL=1")
        subject = subjects.load_subject(SPECIFICATION / "ranex-subject-v1.json")
>       commands = subjects.run_ranex_subject(subject, tmp_path)
                   ^^^^^^^^^^^^^^^^^^^^^^^^^^^^^^^^^^^^^^^^^^^^^

tests/e2e/test_specification_subject_bootstrap.py:115: 
_ _ _ _ _ _ _ _ _ _ _ _ _ _ _ _ _ _ _ _ _ _ _ _ _ _ _ _ _ _ _ _ _ _ _ _ _ _ _ _ 
tests/e2e/specification/subjects.py:368: in run_ranex_subject
    _run_lifecycle(runner, command, cwd=checkout)
_ _ _ _ _ _ _ _ _ _ _ _ _ _ _ _ _ _ _ _ _ _ _ _ _ _ _ _ _ _ _ _ _ _ _ _ _ _ _ _ 

runner = <function run at 0x78c98f0724b0>
command = ('uv', 'run', '--frozen', 'pytest', '-q')
cwd = PosixPath('/tmp/pytest-of-soultransit/pytest-1212/test_real_ranex_bootstrap_or_h0/repo')

    def _run_lifecycle(runner: Callable[..., subprocess.CompletedProcess[str]], command: Sequence[str], *, cwd: Path) -> subprocess.CompletedProcess[str]:
        completed = runner(tuple(command), cwd=cwd, capture_output=True, text=True, check=False, env=broker_environment(),
                           stdin=subprocess.DEVNULL, close_fds=True)
        if completed is None or completed.returncode != 0:
            stdout = (completed.stdout if completed is not None else "") or ""
            stderr = (completed.stderr if completed is not None else "") or ""
>           raise RuntimeError(
                f"lifecycle command failed: argv={tuple(command)!r} returncode={completed.returncode if completed is not None else 'unknown'} "
                f"stdout_tail={stdout[-2000:]!r} stderr_tail={stderr[-2000:]!r}"
            )
E           RuntimeError: lifecycle command failed: argv=('uv', 'run', '--frozen', 'pytest', '-q') returncode=1 stdout_tail=' line for line in completed.stdout.splitlines()\n            if line.startswith(IDENTITY_PREFIX)\n        ]\n        assert len(seen) == 2 and seen[0] == seen[1], (\n            "the bind mount did not give the outside path the in-repo file\'s "\n            f"identity, so this test proves nothing: {seen} / {completed.stderr}"\n        )\n        assert seen[0].split()[3] == "1", (\n            "the whole point is a second name the link count does not report; if it "\n            f"reports one here, this reproduction is not D9: {seen[0]}"\n        )\n    \n>       assert completed.returncode == EXIT_USAGE, (\n            "a bind-mounted second name for a file inside the worktree was accepted "\n            "as an outside binary. Identity was decided on the link count, and a "\n            f"bind mount does not move it: exit={completed.returncode} "\n            f"stdout={completed.stdout!r} stderr={completed.stderr!r}"\n        )\nE       AssertionError: a bind-mounted second name for a file inside the worktree was accepted as an outside binary. Identity was decided on the link count, and a bind mount does not move it: exit=5 stdout=\'IDENTITY 64512 18633467 1\\nIDENTITY 64512 18633467 1\\n\\nno tests ran in 0.02s\\nRECORDED  claim=tests-executed  producer=worker  exit=5\\n          subject=sha256:151dab4b61436f410170bd1028f5b8653fa25a6fe74f1f44a526991dfd344b96\\n\' stderr=\'\'\nE       assert 5 == 2\nE        +  where 5 = CompletedProcess(args=[\'bwrap\', \'--dev-bind\', \'/\', \'/\', \'--bind\', \'/tmp/pytest-of-soultransit/pytest-1214/test_run_ref...orker  exit=5\\n          subject=sha256:151dab4b61436f410170bd1028f5b8653fa25a6fe74f1f44a526991dfd344b96\\n\', stderr=\'\').returncode\n\ntests/security/test_slice003_bind_mount_identity.py:358: AssertionError\n=========================== short test summary info ============================\nFAILED tests/security/test_slice003_bind_mount_identity.py::test_run_refuses_a_bind_mounted_second_name_for_an_in_repo_file\n1 failed, 812 passed, 27 skipped in 407.40s (0:06:47)\n' stderr_tail='warning: `VIRTUAL_ENV=/home/soultransit/devtony/ranex/.venv` does not match the project environment path `.venv` and will be ignored; use `--active` to target the active environment instead\n'

tests/e2e/specification/subjects.py:242: RuntimeError
=========================== short test summary info ============================
FAILED tests/e2e/test_specification_subject_bootstrap.py::test_real_ranex_bootstrap_or_host_skip
1 failed in 439.74s (0:07:19)
