warning: `VIRTUAL_ENV=/home/soultransit/devtony/ranex/.venv` does not match the project environment path `.venv` and will be ignored; use `--active` to target the active environment instead
Using CPython 3.11.15
Creating virtual environment at: .venv
   Building ranex @ file:///tmp/ranex-python311-fixed-ydcwoqaq/repo
      Built ranex @ file:///tmp/ranex-python311-fixed-ydcwoqaq/repo
Prepared 1 package in 274ms
Installed 32 packages in 10ms
 + cffi==2.1.1
 + chardet==7.4.3
 + click==8.4.2
 + coverage==7.15.3
 + cryptography==50.0.0
 + diff-cover==9.7.2
 + hatchling==1.31.0
 + iniconfig==2.3.0
 + jinja2==3.1.6
 + libcst==1.9.0
 + linkify-it-py==2.1.0
 + markdown-it-py==4.2.0
 + markupsafe==3.0.3
 + mdit-py-plugins==0.6.1
 + mdurl==0.1.2
 + mutmut==3.5.0
 + packaging==26.2
 + pathspec==1.1.1
 + platformdirs==4.11.0
 + pluggy==1.6.0
 + pycparser==3.0
 + pyelftools==0.32
 + pygments==2.20.0
 + pytest==9.1.1
 + pyyaml==6.0.3
 + ranex==0.1.0 (from file:///tmp/ranex-python311-fixed-ydcwoqaq/repo)
 + rich==15.0.0
 + setproctitle==1.3.7
 + textual==8.2.8
 + trove-classifiers==2026.6.1.19
 + typing-extensions==4.16.0
 + uc-micro-py==2.0.0
warning: `VIRTUAL_ENV=/home/soultransit/devtony/ranex/.venv` does not match the project environment path `.venv` and will be ignored; use `--active` to target the active environment instead
.......                                                                  [100%]
7 passed in 38.78s
