test	Require coverage for changed lines	﻿2026-09-05T14:26:01.1500938Z ##[group]Run # The documented subprocess hook includes the real CLI journeys.
test	Require coverage for changed lines	2026-09-05T14:26:01.1501530Z ^[[36;1m# The documented subprocess hook includes the real CLI journeys.^[[0m
test	Require coverage for changed lines	2026-09-05T14:26:01.1501997Z ^[[36;1mexport COVERAGE_PROCESS_START="$PWD/pyproject.toml"^[[0m
test	Require coverage for changed lines	2026-09-05T14:26:01.1502361Z ^[[36;1mexport COVERAGE_FILE="$PWD/.coverage"^[[0m
test	Require coverage for changed lines	2026-09-05T14:26:01.1502713Z ^[[36;1mexport PYTHONPATH="$PWD/src:$PWD/tests/e2e/coverage"^[[0m
test	Require coverage for changed lines	2026-09-05T14:26:01.1503056Z ^[[36;1muv run --frozen pytest -q^[[0m
test	Require coverage for changed lines	2026-09-05T14:26:01.1503410Z ^[[36;1m# Exercise the actual receiver CLI with an archived upstream PR,^[[0m
test	Require coverage for changed lines	2026-09-05T14:26:01.1503887Z ^[[36;1m# real TCP/process failure, Git recovery and shared durable state.^[[0m
test	Require coverage for changed lines	2026-09-05T14:26:01.1504316Z ^[[36;1mCOVERAGE_PROCESS_START="$PWD/pyproject.toml" \^[[0m
test	Require coverage for changed lines	2026-09-05T14:26:01.1504649Z ^[[36;1mCOVERAGE_FILE="$PWD/.coverage" \^[[0m
test	Require coverage for changed lines	2026-09-05T14:26:01.1504949Z ^[[36;1mPYTHONPATH="$PWD/tests/e2e/coverage" \^[[0m
test	Require coverage for changed lines	2026-09-05T14:26:01.1505316Z ^[[36;1m  uv run --frozen python tools/dogfood/receiver_stress.py \^[[0m
test	Require coverage for changed lines	2026-09-05T14:26:01.1506322Z ^[[36;1m    --pull-request tools/dogfood/audits/2026-09-05-remediation/pr-72.json \^[[0m
test	Require coverage for changed lines	2026-09-05T14:26:01.1506956Z ^[[36;1m    --out .local/ci-receiver-stress^[[0m
test	Require coverage for changed lines	2026-09-05T14:26:01.1507313Z ^[[36;1muv run --frozen python tools/dogfood/storage_stress.py \^[[0m
test	Require coverage for changed lines	2026-09-05T14:26:01.1507909Z ^[[36;1m  --journal tools/dogfood/audits/2026-09-05-remediation/storage-inputs/py-config-parse-ba79feaa.sqlite3 \^[[0m
test	Require coverage for changed lines	2026-09-05T14:26:01.1508693Z ^[[36;1m  --journal tools/dogfood/audits/2026-09-05-remediation/storage-inputs/py-semver-compare-bf46c069.sqlite3 \^[[0m
test	Require coverage for changed lines	2026-09-05T14:26:01.1509232Z ^[[36;1m  --out .local/ci-storage-stress^[[0m
test	Require coverage for changed lines	2026-09-05T14:26:01.1509674Z ^[[36;1muv run --frozen python tools/dogfood/release_check.py --out .local/ci-release-check^[[0m
test	Require coverage for changed lines	2026-09-05T14:26:01.1510326Z ^[[36;1muv run --frozen python tools/dogfood/collection_journey.py --out .local/ci-collection-journey^[[0m
test	Require coverage for changed lines	2026-09-05T14:26:01.1510999Z ^[[36;1muv run --frozen python tools/dogfood/executable_journey.py --out .local/ci-executable-journey^[[0m
test	Require coverage for changed lines	2026-09-05T14:26:01.1511486Z ^[[36;1munset COVERAGE_PROCESS_START^[[0m
test	Require coverage for changed lines	2026-09-05T14:26:01.1511884Z ^[[36;1muv run --frozen python -m coverage combine --keep . .local/ranex-e2e/coverage^[[0m
test	Require coverage for changed lines	2026-09-05T14:26:01.1512458Z ^[[36;1muv run --frozen python -m coverage xml --include="$PWD/src/ranex/*" -o coverage.xml^[[0m
test	Require coverage for changed lines	2026-09-05T14:26:01.1513119Z ^[[36;1muv run --frozen diff-cover coverage.xml --compare-branch="$DIFF_COVER_COMPARE_BRANCH" --fail-under=100^[[0m
test	Require coverage for changed lines	2026-09-05T14:26:01.1548386Z shell: /usr/bin/bash -e {0}
test	Require coverage for changed lines	2026-09-05T14:26:01.1548633Z env:
test	Require coverage for changed lines	2026-09-05T14:26:01.1548900Z   UV_PYTHON_INSTALL_DIR: /home/runner/work/_temp/uv-python-dir
test	Require coverage for changed lines	2026-09-05T14:26:01.1549234Z   UV_PYTHON: 3.14
test	Require coverage for changed lines	2026-09-05T14:26:01.1549478Z   UV_CACHE_DIR: /home/runner/work/_temp/setup-uv-cache
test	Require coverage for changed lines	2026-09-05T14:26:01.1549788Z   DIFF_COVER_COMPARE_BRANCH: origin/main
test	Require coverage for changed lines	2026-09-05T14:26:01.1550040Z ##[endgroup]
test	Require coverage for changed lines	2026-09-05T14:26:02.2149868Z ........................................................................ [  4%]
test	Require coverage for changed lines	2026-09-05T14:26:07.6268699Z ..........................sssssss....................................... [  8%]
test	Require coverage for changed lines	2026-09-05T14:26:07.8612567Z ........................................................................ [ 12%]
test	Require coverage for changed lines	2026-09-05T14:26:12.5494536Z ........................................................................ [ 16%]
test	Require coverage for changed lines	2026-09-05T14:26:51.0028619Z ........s.............................sssssssss..sssss.sss...ssssssssss. [ 20%]
test	Require coverage for changed lines	2026-09-05T14:27:11.6633383Z ssssssssss................................ssssssssssssssss.ssssss....... [ 24%]
test	Require coverage for changed lines	2026-09-05T14:27:45.3982370Z ................s..................ss..................ss............... [ 28%]
test	Require coverage for changed lines	2026-09-05T14:27:50.9773974Z ..ss...s..ssss.........s................................................ [ 32%]
test	Require coverage for changed lines	2026-09-05T14:27:54.8273812Z ......................................................sssssssssssssssss. [ 36%]
test	Require coverage for changed lines	2026-09-05T14:28:14.9206241Z ........................................................................ [ 40%]
test	Require coverage for changed lines	2026-09-05T14:28:23.6430196Z ....ssssssssssssssssss....................sss........................... [ 44%]
test	Require coverage for changed lines	2026-09-05T14:28:24.4227012Z ........................................................................ [ 48%]
test	Require coverage for changed lines	2026-09-05T14:28:38.5575436Z ........................................................................ [ 52%]
test	Require coverage for changed lines	2026-09-05T14:28:45.3430150Z ........................................................................ [ 56%]
test	Require coverage for changed lines	2026-09-05T14:28:56.0557071Z ........................................................................ [ 60%]
test	Require coverage for changed lines	2026-09-05T14:30:04.7413623Z ........................................................................ [ 64%]
test	Require coverage for changed lines	2026-09-05T14:30:09.1436109Z .........................ssss..............sss...........s.....ss....... [ 68%]
test	Require coverage for changed lines	2026-09-05T14:30:11.9295024Z ..........s............................................................. [ 72%]
test	Require coverage for changed lines	2026-09-05T14:30:12.4471141Z ........................................................................ [ 76%]
test	Require coverage for changed lines	2026-09-05T14:30:12.5212395Z ........................................................................ [ 80%]
test	Require coverage for changed lines	2026-09-05T14:30:13.2848005Z ........................................................................ [ 84%]
test	Require coverage for changed lines	2026-09-05T14:30:14.4222700Z ........................................................................ [ 88%]
test	Require coverage for changed lines	2026-09-05T14:30:14.5791338Z ........................................................................ [ 92%]
test	Require coverage for changed lines	2026-09-05T14:30:14.9633924Z ........................................................................ [ 96%]
test	Require coverage for changed lines	2026-09-05T14:30:16.4696204Z ...................................................................      [100%]
test	Require coverage for changed lines	2026-09-05T14:30:16.4696964Z 1666 passed, 129 skipped in 255.00s (0:04:15)
test	Require coverage for changed lines	2026-09-05T14:30:18.1528953Z real-git-remote-recovery True [{'delivery': 'real-pr-recovery', 'event': 'pull_request', 'outcome': 'E-GITHUB-UNFETCHABLE-HEAD', 'head_sha': '8ccb490bf5c6d523fc12731efc6b8ab2aa0eeb42'}, {'delivery': 'real-pr-recovery', 'event': 'pull_request', 'outcome': 'E-GITHUB-API-REFUSED', 'head_sha': '8ccb490bf5c6d523fc12731efc6b8ab2aa0eeb42'}]
test	Require coverage for changed lines	2026-09-05T14:30:21.4121216Z 1000-concurrent-real-pr-replays True {'requests': 1000, 'completed_ids': 100, 'busy_redeliveries': 2797, 'burst_outcomes': [(4, 200), (0, 200), (19, 200), (3, 200), (2, 200), (1, 200), (0, 200), (2, 200), (4, 200), (0, 200), (5, 200), (0, 200), (10, 200), (5, 200), (2, 200), (67, 200), (3, 200), (15, 200), (0, 200), (2, 200), (3, 200), (7, 200), (1, 200), (0, 200), (1, 200), (18, 200), (1, 200), (4, 200), (2, 200), (0, 200), (3, 200), (0, 200), (8, 200), (9, 200), (0, 200), (8, 200), (0, 200), (0, 200), (0, 200), (4, 200), (0, 200), (13, 200), (0, 200), (0, 200), (18, 200), (8, 200), (5, 200), (1, 200), (0, 200), (1, 200), (2, 200), (0, 200), (4, 200), (9, 200), (1, 200), (0, 200), (5, 200), (7, 200), (2, 200), (0, 200), (1, 200), (3, 200), (2, 200), (0, 200), (22, 200), (3, 200), (2, 200), (14, 200), (2, 200), (4, 200), (2, 200), (7, 200), (10, 200), (4, 200), (0, 200), (0, 200), (2, 200), (0, 200), (4, 200), (9, 200), (0, 200), (6, 200), (0, 200), (6, 200), (0, 200), (0, 200), (3, 200), (6, 200), (0, 200), (0, 200), (1, 200), (11, 200), (5, 200), (8, 200), (1, 200), (0, 200), (2, 200), (4, 200), (8, 200), (2, 200), (2, 200), (0, 200), (6, 200), (11, 200), (14, 200), (0, 200), (0, 200), (6, 200), (0, 200), (3, 200), (0, 200), (0, 200), (2, 200), (0, 200), (0, 200), (4, 200), (1, 200), (3, 200), (3, 200), (0, 200), (0, 200), (1, 200), (2, 200), (3, 200), (3, 200), (3, 200), (6, 200), (3, 200), (1, 200), (0, 200), (5, 200), (2, 200), (5, 200), (2, 200), (5, 200), (0, 200), (5, 200), (20, 200), (1, 200), (0, 200), (17, 200), (3, 200), (3, 200), (0, 200), (9, 200), (2, 200), (0, 200), (1, 200), (2, 200), (1, 200), (1, 200), (2, 200), (1, 200), (1, 200), (3, 200), (7, 200), (2, 200), (3, 200), (0, 200), (0, 200), (1, 200), (0, 200), (2, 200), (0, 200), (2, 200), (7, 200), (2, 200), (0, 200), (4, 200), (0, 200), (1, 200), (2, 200), (1, 200), (2, 200), (2, 200), (0, 200), (3, 200), (4, 200), (3, 200), (1, 200), (0, 200), (7, 200), (3, 200), (4, 200), (3, 200), (10, 200), (1, 200), (8, 200), (0, 200), (2, 200), (4, 200), (1, 200), (2, 200), (1, 200), (6, 200), (1, 200), (3, 200), (2, 200), (1, 200), (1, 200), (2, 200), (5, 200), (1, 200), (2, 200), (5, 200), (6, 200), (2, 200), (2, 200), (1, 200), (3, 200), (0, 200), (7, 200), (4, 200), (2, 200), (0, 200), (0, 200), (3, 200), (1, 200), (5, 200), (4, 200), (2, 200), (0, 200), (7, 200), (17, 200), (0, 200), (1, 200), (2, 200), (5, 200), (2, 200), (11, 200), (5, 200), (1, 200), (0, 200), (1, 200), (8, 200), (2, 200), (0, 200), (4, 200), (2, 200), (1, 200), (1, 200), (0, 200), (1, 200), (2, 200), (0, 200), (2, 200), (2, 200), (0, 200), (1, 200), (3, 200), (1, 200), (8, 200), (2, 200), (2, 200), (4, 200), (0, 200), (2, 200), (7, 200), (1, 200), (6, 200), (1, 200), (0, 200), (6, 200), (3, 200), (0, 200), (7, 200), (0, 200), (0, 200), (0, 200), (5, 200), (0, 200), (6, 200), (0, 200), (0, 200), (1, 200), (8, 200), (4, 200), (1, 200), (0, 200), (7, 200), (4, 200), (0, 200), (1, 200), (4, 200), (1, 200), (3, 200), (1, 200), (0, 200), (1, 200), (3, 200), (8, 200), (0, 200), (2, 200), (3, 200), (12, 200), (2, 200), (2, 200), (4, 200), (2, 200), (2, 200), (0, 200), (1, 200), (9, 200), (2, 200), (4, 200), (0, 200), (10, 200), (1, 200), (0, 200), (0, 200), (1, 200), (1, 200), (5, 200), (6, 200), (1, 200), (0, 200), (1, 200), (2, 200), (0, 200), (0, 200), (0, 200), (3, 200), (0, 200), (0, 200), (7, 200), (1, 200), (0, 200), (1, 200), (9, 200), (5, 200), (3, 200), (1, 200), (0, 200), (0, 200), (1, 200), (1, 200), (2, 200), (12, 200), (3, 200), (0, 200), (3, 200), (0, 200), (3, 200), (1, 200), (5, 200), (0, 200), (2, 200), (5, 200), (0, 200), (3, 200), (0, 200), (6, 200), (0, 200), (1, 200), (0, 200), (4, 200), (6, 200), (2, 200), (1, 200), (0, 200), (2, 200), (2, 200), (2, 200), (0, 200), (5, 200), (4, 200), (1, 200), (2, 200), (3, 200), (5, 200), (2, 200), (5, 200), (6, 200), (0, 200), (0, 200), (1, 200), (3, 200), (3, 200), (1, 200), (8, 200), (4, 200), (0, 200), (2, 200), (9, 200), (3, 200), (8, 200), (0, 200), (0, 200), (3, 200), (1, 200), (1, 200), (1, 200), (3, 200), (3, 200), (0, 200), (1, 200), (8, 200), (4, 200), (0, 200), (1, 200), (1, 200), (12, 200), (0, 200), (3, 200), (3, 200), (13, 200), (0, 200), (1, 200), (4, 200), (0, 200), (3, 200), (0, 200), (0, 200), (4, 200), (4, 200), (0, 200), (0, 200), (1, 200), (2, 200), (1, 200), (2, 200), (4, 200), (8, 200), (2, 200), (4, 200), (0, 200), (0, 200), (3, 200), (0, 200), (0, 200), (3, 200), (5, 200), (0, 200), (3, 200), (11, 200), (1, 200), (3, 200), (0, 200), (1, 200), (3, 200), (0, 200), (3, 200), (0, 200), (2, 200), (4, 200), (1, 200), (2, 200), (3, 200), (21, 200), (4, 200), (1, 200), (3, 200), (0, 200), (2, 200), (1, 200), (9, 200), (0, 200), (3, 200), (3, 200), (1, 200), (4, 200), (2, 200), (0, 200), (2, 200), (0, 200), (5, 200), (1, 200), (0, 200), (2, 200), (4, 200), (5, 200), (0, 200), (1, 200), (0, 200), (7, 200), (0, 200), (1, 200), (8, 200), (4, 200), (1, 200), (0, 200), (2, 200), (3, 200), (4, 200), (0, 200), (0, 200), (0, 200), (1, 200), (4, 200), (0, 200), (2, 200), (8, 200), (4, 200), (0, 200), (2, 200), (5, 200), (0, 200), (4, 200), (0, 200), (12, 200), (3, 200), (1, 200), (0, 200), (1, 200), (4, 200), (0, 200), (0, 200), (3, 200), (1, 200), (2, 200), (5, 200), (2, 200), (0, 200), (3, 200), (5, 200), (12, 200), (3, 200), (0, 200), (1, 200), (5, 200), (0, 200), (1, 200), (27, 200), (2, 200), (1, 200), (0, 200), (1, 200), (3, 200), (5, 200), (18, 200), (1, 200), (0, 200), (7, 200), (1, 200), (0, 200), (1, 200), (0, 200), (1, 200), (4, 200), (2, 200), (0, 200), (1, 200), (2, 200), (3, 200), (3, 200), (0, 200), (0, 200), (3, 200), (4, 200), (1, 200), (1, 200), (2, 200), (16, 200), (0, 200), (2, 200), (2, 200), (3, 200), (0, 200), (1, 200), (0, 200), (2, 200), (3, 200), (15, 200), (0, 200), (1, 200), (1, 200), (3, 200), (0, 200), (3, 200), (0, 200), (0, 200), (2, 200), (1, 200), (0, 200), (7, 200), (3, 200), (1, 200), (1, 200), (3, 200), (0, 200), (2, 200), (0, 200), (0, 200), (2, 200), (0, 200), (3, 200), (3, 200), (0, 200), (0, 200), (7, 200), (3, 200), (4, 200), (1, 200), (1, 200), (1, 200), (8, 200), (2, 200), (1, 200), (4, 200), (3, 200), (11, 200), (0, 200), (3, 200), (9, 200), (0, 200), (0, 200), (10, 200), (4, 200), (1, 200), (1, 200), (0, 200), (1, 200), (8, 200), (0, 200), (2, 200), (2, 200), (0, 200), (0, 200), (10, 200), (1, 200), (0, 200), (1, 200), (2, 200), (1, 200), (3, 200), (0, 200), (2, 200), (6, 200), (2, 200), (0, 200), (7, 200), (5, 200), (2, 200), (1, 200), (0, 200), (4, 200), (0, 200), (1, 200), (1, 200), (0, 200), (4, 200), (2, 200), (0, 200), (0, 200), (2, 200), (4, 200), (4, 200), (3, 200), (2, 200), (1, 200), (6, 200), (6, 200), (6, 200), (0, 200), (1, 200), (1, 200), (2, 200), (1, 200), (10, 200), (2, 200), (3, 200), (3, 200), (0, 200), (12, 200), (0, 200), (2, 200), (1, 200), (0, 200), (4, 200), (6, 200), (2, 200), (2, 200), (2, 200), (0, 200), (3, 200), (1, 200), (1, 200), (1, 200), (1, 200), (9, 200), (7, 200), (2, 200), (3, 200), (2, 200), (0, 200), (1, 200), (0, 200), (1, 200), (3, 200), (5, 200), (0, 200), (2, 200), (7, 200), (0, 200), (0, 200), (3, 200), (9, 200), (1, 200), (4, 200), (1, 200), (0, 200), (4, 200), (1, 200), (1, 200), (10, 200), (1, 200), (0, 200), (13, 200), (1, 200), (2, 200), (1, 200), (6, 200), (2, 200), (1, 200), (0, 200), (2, 200), (3, 200), (0, 200), (0, 200), (1, 200), (10, 200), (4, 200), (1, 200), (0, 200), (2, 200), (1, 200), (2, 200), (0, 200), (2, 200), (3, 200), (0, 200), (3, 200), (4, 200), (0, 200), (2, 200), (4, 200), (0, 200), (11, 200), (1, 200), (0, 200), (2, 200), (6, 200), (6, 200), (2, 200), (3, 200), (0, 200), (1, 200), (0, 200), (2, 200), (1, 200), (5, 200), (2, 200), (1, 200), (0, 200), (4, 200), (13, 200), (1, 200), (3, 200), (0, 200), (1, 200), (3, 200), (0, 200), (6, 200), (2, 200), (11, 200), (2, 200), (0, 200), (2, 200), (1, 200), (4, 200), (4, 200), (5, 200), (2, 200), (0, 200), (0, 200), (0, 200), (1, 200), (1, 200), (3, 200), (8, 200), (2, 200), (2, 200), (0, 200), (0, 200), (1, 200), (8, 200), (4, 200), (1, 200), (1, 200), (16, 200), (5, 200), (1, 200), (6, 200), (6, 200), (0, 200), (1, 200), (0, 200), (2, 200), (11, 200), (0, 200), (0, 200), (2, 200), (2, 200), (0, 200), (2, 200), (3, 200), (1, 200), (2, 200), (1, 200), (5, 200), (0, 200), (1, 200), (2, 200), (2, 200), (4, 200), (0, 200), (0, 200), (1, 200), (1, 200), (1, 200), (6, 200), (8, 200), (1, 200), (2, 200), (0, 200), (2, 200), (5, 200), (2, 200), (11, 200), (1, 200), (0, 200), (1, 200), (2, 200), (6, 200), (5, 200), (0, 200), (3, 200), (1, 200), (0, 200), (1, 200), (2, 200), (1, 200), (3, 200), (7, 200), (11, 200), (8, 200), (1, 200), (2, 200), (2, 200), (0, 200), (3, 200), (0, 200), (0, 200), (1, 200), (2, 200), (14, 200), (1, 200), (0, 200), (3, 200), (2, 200), (3, 200), (1, 200), (0, 200), (7, 200), (0, 200), (3, 200), (3, 200), (0, 200), (1, 200), (3, 200), (3, 200), (0, 200), (7, 200), (4, 200), (1, 200), (0, 200), (4, 200), (1, 200), (4, 200), (0, 200), (0, 200), (6, 200), (2, 200), (0, 200), (0, 200), (9, 200), (2, 200), (4, 200), (2, 200), (3, 200), (0, 200), (4, 200), (6, 200), (0, 200), (0, 200), (3, 200), (12, 200), (0, 200), (3, 200), (0, 200), (2, 200), (0, 200), (5, 200), (4, 200), (0, 200), (1, 200), (0, 200), (4, 200), (1, 200), (8, 200), (1, 200), (3, 200), (2, 200), (0, 200), (0, 200), (10, 200), (2, 200), (3, 200), (5, 200), (1, 200), (0, 200), (2, 200), (1, 200), (0, 200), (3, 200), (2, 200), (4, 200), (0, 200), (8, 200), (10, 200), (2, 200), (1, 200), (2, 200), (0, 200), (1, 200), (4, 200), (6, 200), (17, 200), (1, 200), (0, 200), (4, 200), (1, 200), (0, 200), (0, 200), (1, 200), (7, 200), (0, 200), (3, 200), (4, 200), (0, 200), (1, 200), (3, 200), (0, 200), (1, 200), (4, 200), (1, 200), (2, 200), (1, 200), (12, 200), (1, 200), (2, 200), (4, 200), (3, 200), (1, 200), (1, 200), (1, 200), (3, 200), (2, 200), (1, 200), (4, 200), (5, 200), (8, 200), (4, 200), (0, 200), (0, 200), (0, 200), (0, 200), (0, 200), (0, 200), (2, 200), (3, 200), (2, 200), (0, 200), (3, 200), (6, 200), (4, 200), (1, 200), (1, 200), (4, 200), (4, 200), (0, 200), (1, 200), (2, 200), (4, 200), (0, 200), (1, 200), (3, 200), (1, 200), (0, 200), (3, 200)], 'quiescent_redeliveries': []}
test	Require coverage for changed lines	2026-09-05T14:30:21.4145882Z same-id-different-authenticated-body True 409
test	Require coverage for changed lines	2026-09-05T14:30:21.8103961Z sigkill-restart-retains-100-completions True 100
test	Require coverage for changed lines	2026-09-05T14:30:21.8136399Z restart-retains-body-binding True 409
test	Require coverage for changed lines	2026-09-05T14:30:21.8865297Z sigkill-restart-retries-api-failure True 500
test	Require coverage for changed lines	2026-09-05T14:30:30.4863112Z saturation-0 True {'opened': 32, 'threads': 33, 'descriptors': 21, 'recovered': 200}
test	Require coverage for changed lines	2026-09-05T14:30:39.0611818Z saturation-1 True {'opened': 32, 'threads': 33, 'descriptors': 21, 'recovered': 200}
test	Require coverage for changed lines	2026-09-05T14:30:47.6367329Z saturation-2 True {'opened': 32, 'threads': 33, 'descriptors': 21, 'recovered': 200}
test	Require coverage for changed lines	2026-09-05T14:30:55.1879805Z saturation-3 True {'opened': 32, 'threads': 33, 'descriptors': 21, 'recovered': 200}
test	Require coverage for changed lines	2026-09-05T14:31:03.7640441Z saturation-4 True {'opened': 32, 'threads': 33, 'descriptors': 21, 'recovered': 200}
test	Require coverage for changed lines	2026-09-05T14:31:08.8745340Z trickle-client-wall-deadline True {'disconnected': True, 'seconds': 5.107859100999917}
test	Require coverage for changed lines	2026-09-05T14:31:08.8793257Z healthy-after-trickle True HTTP 200
test	Require coverage for changed lines	2026-09-05T14:31:08.8838067Z damaged-receipt-recovery True {'damaged_bytes': '', 'refused': 500, 'recovered': 200}
test	Require coverage for changed lines	2026-09-05T14:31:08.8881785Z damaged-receipt-recovery True {'damaged_bytes': '[]', 'refused': 500, 'recovered': 200}
test	Require coverage for changed lines	2026-09-05T14:31:08.8925375Z damaged-receipt-recovery True {'damaged_bytes': '{}', 'refused': 500, 'recovered': 200}
test	Require coverage for changed lines	2026-09-05T14:31:08.8969817Z damaged-receipt-recovery True {'damaged_bytes': '{"fingerprint":42}', 'refused': 500, 'recovered': 200}
test	Require coverage for changed lines	2026-09-05T14:31:08.8996064Z wrong-endpoint True {'expected': 404, 'actual': 404}
test	Require coverage for changed lines	2026-09-05T14:31:08.9020665Z negative-length True {'expected': 400, 'actual': 400}
test	Require coverage for changed lines	2026-09-05T14:31:08.9045341Z oversized-length True {'expected': 413, 'actual': 413}
test	Require coverage for changed lines	2026-09-05T14:31:08.9069983Z ambiguous-transfer True {'expected': 400, 'actual': 400}
test	Require coverage for changed lines	2026-09-05T14:31:08.9096112Z wrong-signature True {'expected': 401, 'actual': 401}
test	Require coverage for changed lines	2026-09-05T14:31:08.9120820Z non-ascii-signature True {'expected': 401, 'actual': 401}
test	Require coverage for changed lines	2026-09-05T14:31:08.9146534Z malformed-delivery-id True HTTP 400
test	Require coverage for changed lines	2026-09-05T14:31:08.9189783Z damaged-real-pr-payload True {'status': 200, 'receipt': {'delivery': 'damaged-pr-0', 'outcome': 'E-GITHUB-BAD-EVENT'}}
test	Require coverage for changed lines	2026-09-05T14:31:08.9230399Z damaged-real-pr-payload True {'status': 200, 'receipt': {'delivery': 'damaged-pr-1', 'outcome': 'E-GITHUB-BAD-EVENT'}}
test	Require coverage for changed lines	2026-09-05T14:31:08.9275115Z incomplete-real-pr-action True {'status': 200, 'receipt': {'delivery': 'incomplete-pr-action', 'outcome': 'E-GITHUB-BAD-EVENT'}}
test	Require coverage for changed lines	2026-09-05T14:31:08.9318507Z incomplete-real-pr-head True {'status': 200, 'receipt': {'delivery': 'incomplete-pr-head', 'outcome': 'E-GITHUB-BAD-EVENT'}}
test	Require coverage for changed lines	2026-09-05T14:31:08.9342122Z interrupted-real-pr-upload True {'status': 400}
test	Require coverage for changed lines	2026-09-05T14:31:08.9440062Z legacy-spool-damage-recovery True {'refused': 500, 'recovered': 200}
test	Require coverage for changed lines	2026-09-05T14:31:09.5774170Z two-receivers-share-durable-state True {'requests': 200, 'accepted': 200, 'statuses': [200, 200, 200, 200, 200, 200, 200, 200, 200, 200, 200, 200, 200, 200, 200, 200, 200, 200, 200, 200, 200, 200, 200, 200, 200, 200, 200, 200, 200, 200, 200, 200, 200, 200, 200, 200, 200, 200, 200, 200, 200, 200, 200, 200, 200, 200, 200, 200, 200, 200, 200, 200, 200, 200, 200, 200, 200, 200, 200, 200, 200, 200, 200, 200, 200, 200, 200, 200, 200, 200, 200, 200, 200, 200, 200, 200, 200, 200, 200, 200, 200, 200, 200, 200, 200, 200, 200, 200, 200, 200, 200, 200, 200, 200, 200, 200, 200, 200, 200, 200, 200, 200, 200, 200, 200, 200, 200, 200, 200, 200, 200, 200, 200, 200, 200, 200, 200, 200, 200, 200, 200, 200, 200, 200, 200, 200, 200, 200, 200, 200, 200, 200, 200, 200, 200, 200, 200, 200, 200, 200, 200, 200, 200, 200, 200, 200, 200, 200, 200, 200, 200, 200, 200, 200, 200, 200, 200, 200, 200, 200, 200, 200, 200, 200, 200, 200, 200, 200, 200, 200, 200, 200, 200, 200, 200, 200, 200, 200, 200, 200, 200, 200, 200, 200, 200, 200, 200, 200, 200, 200, 200, 200, 200, 200, 200, 200, 200, 200, 200, 200], 'quiescent_redeliveries': []}
test	Require coverage for changed lines	2026-09-05T14:31:10.1729521Z Traceback (most recent call last):
test	Require coverage for changed lines	2026-09-05T14:31:10.1739102Z   File "/home/runner/work/ranex/ranex/tools/dogfood/receiver_stress.py", line 326, in <module>
test	Require coverage for changed lines	2026-09-05T14:31:10.1761366Z ##[error]    raise RuntimeError('could not observe the actual in-flight Git delivery')
test	Require coverage for changed lines	2026-09-05T14:31:10.1768291Z RuntimeError: could not observe the actual in-flight Git delivery
test	Require coverage for changed lines	2026-09-05T14:31:10.2062032Z ##[error]Process completed with exit code 1.
