........F                                                                [100%]
=================================== FAILURES ===================================
__________________ test_stage_9_the_gate_accepts_the_evidence __________________

operator = <test_cold_start_journey.Operator object at 0x7fbe26bd9fd0>

    def test_stage_9_the_gate_accepts_the_evidence(operator: Operator) -> None:
        operator.require("resolver", "clone", "fetch", "evidence")
        record_live_host_qualification(operator.clone, operator.key)
        code, out, err = ranex(
            operator.clone,
            ["gate", "evaluate", "HEAD", "--approver", "reviewer_alice"],
        )
>       assert code == 0, (
            "the gate did not accept the evidence stage 8 recorded; it exited "
            f"{code}. The verdict, verbatim:\n{(out + err).strip() or '(no output)'}"
        )
E       AssertionError: the gate did not accept the evidence stage 8 recorded; it exited 1. The verdict, verbatim:
E         FAIL  gate=landing  rule=TESTS_EXECUTED
E               tests-executed: blocking suite outcome(s): tests/security/test_slice080_principal_trust_root.py::test_the_trust_keyring_loads_a_document_that_carries_the_catalog (failed)
E               subject=sha256:14f54a49bc746ba31b37b3339368fdbcc6679ac5e907c795d889179b48bf65f9
E       assert 1 == 0

tests/e2e/test_cold_start_journey.py:599: AssertionError
=========================== short test summary info ============================
FAILED tests/e2e/test_cold_start_journey.py::test_stage_9_the_gate_accepts_the_evidence
1 failed, 8 passed in 247.22s (0:04:07)
