F
======================================================================
FAIL: test_it_works (test_truth.TheProduct.test_it_works)
----------------------------------------------------------------------
Traceback (most recent call last):
  File "/tmp/ranex-subject-0ssd4hv7/tmp/ranex-subject-vqm1eb9e/tree/tests/test_truth.py", line 6, in test_it_works
    self.assertEqual(1, 2, 'the product is broken')
AssertionError: 1 != 2 : the product is broken

----------------------------------------------------------------------
Ran 1 test in 0.000s

FAILED (failures=1)
F
======================================================================
FAIL: test_it_works (test_truth.TheProduct.test_it_works)
----------------------------------------------------------------------
Traceback (most recent call last):
  File "/tmp/ranex-subject-0ssd4hv7/tmp/ranex-subject-xh9lmy6g/tree/tests/test_truth.py", line 6, in test_it_works
    self.assertEqual(1, 2, 'the product is broken')
AssertionError: 1 != 2 : the product is broken

----------------------------------------------------------------------
Ran 1 test in 0.000s

FAILED (failures=1)
F
======================================================================
FAIL: test_it_works (test_truth.TheProduct.test_it_works)
----------------------------------------------------------------------
Traceback (most recent call last):
  File "/tmp/ranex-subject-0ssd4hv7/tmp/ranex-subject-92eukgc7/tree/tests/test_truth.py", line 6, in test_it_works
    self.assertEqual(1, 2, 'the product is broken')
AssertionError: 1 != 2 : the product is broken

----------------------------------------------------------------------
Ran 1 test in 0.000s

FAILED (failures=1)
