........................................................................ [  4%]
........................................................................ [  8%]
........................................................................ [ 12%]
........................................................................ [ 16%]
........s............................................................... [ 20%]
........................................................s............... [ 24%]
.......................................................ss............... [ 28%]
..ss...................s................................................ [ 32%]
........................................................................ [ 36%]
........................................................................ [ 40%]
..........................................s............................. [ 44%]
........................................................................ [ 48%]
........................................................................ [ 52%]
........................................................................ [ 56%]
........................................................................ [ 60%]
........................................................................ [ 64%]
.........................................................s.............. [ 68%]
........................................................................ [ 72%]
........................................................................ [ 76%]
........................................................................ [ 80%]
........................................................................ [ 84%]
........................................................................ [ 88%]
........................................................................ [ 92%]
........................................................................ [ 96%]
...................................................................      [100%]
1786 passed, 9 skipped in 2125.39s (0:35:25)
