E                                                                        [100%]
==================================== ERRORS ====================================
____________ ERROR at setup of test_real_kogg_bootstrap_or_blocked _____________

self = PosixPath('/tmp/ranex-remediation-82-kogg-root/pytest-of-soultransit')
mode = 448, parents = False, exist_ok = True

    def mkdir(self, mode=0o777, parents=False, exist_ok=False):
        """
        Create a new directory at this given path.
        """
        try:
>           os.mkdir(self, mode)
E           FileNotFoundError: [Errno 2] No such file or directory: '/tmp/ranex-remediation-82-kogg-root/pytest-of-soultransit'

../../.local/share/uv/python/cpython-3.14.6-linux-x86_64-gnu/lib/python3.14/pathlib/__init__.py:1011: FileNotFoundError

During handling of the above exception, another exception occurred:

self = PosixPath('/tmp/ranex-remediation-82-kogg-root/pytest-of-unknown')
mode = 448, parents = False, exist_ok = True

    def mkdir(self, mode=0o777, parents=False, exist_ok=False):
        """
        Create a new directory at this given path.
        """
        try:
>           os.mkdir(self, mode)
E           FileNotFoundError: [Errno 2] No such file or directory: '/tmp/ranex-remediation-82-kogg-root/pytest-of-unknown'

../../.local/share/uv/python/cpython-3.14.6-linux-x86_64-gnu/lib/python3.14/pathlib/__init__.py:1011: FileNotFoundError
=========================== short test summary info ============================
ERROR tests/e2e/test_specification_subject_bootstrap.py::test_real_kogg_bootstrap_or_blocked
1 error in 0.07s
