From https://github.com/anthonykewl20/ranex
 * branch                main       -> FETCH_HEAD
Resolved 34 packages in 503ms
Updated ranex v0.1.0 -> v0.1.1
   Building ranex @ file:///home/soultransit/devtony/ranex
      Built ranex @ file:///home/soultransit/devtony/ranex
Uninstalled 1 package in 1ms
Installed 1 package in 1ms
........................................................................ [  4%]
........................................................................ [  8%]
........................................................................ [ 12%]
........................................................................ [ 16%]
........s............................................................... [ 20%]
........................................................s............... [ 24%]
.......................................................ss............... [ 28%]
..ss...................s................................................ [ 32%]
........................................................................ [ 36%]
........................................................................ [ 40%]
..........................................s............................. [ 44%]
........................................................................ [ 48%]
........................................................................ [ 52%]
........................................................................ [ 56%]
........................................................................ [ 60%]
........................................................................ [ 64%]
.........................................................s.............. [ 68%]
........................................................................ [ 72%]
........................................................................ [ 76%]
........................................................................ [ 80%]
........................................................................ [ 84%]
........................................................................ [ 88%]
........................................................................ [ 92%]
........................................................................ [ 96%]
...................................................................      [100%]
1786 passed, 9 skipped in 1973.22s (0:32:53)
Building source distribution...
Building wheel from source distribution...
Successfully built .local/release/dist/ranex-0.1.1.tar.gz
Successfully built .local/release/dist/ranex-0.1.1-py3-none-any.whl
To https://github.com/anthonykewl20/ranex.git
   f8c73b35b..6582acff9  6582acff9be6c7ce6dd957c769de1b02289a18ed -> main
 * [new tag]             v0.1.001 -> v0.1.001
RELEASED v0.1.001 6582acff9be6c7ce6dd957c769de1b02289a18ed; uv run --frozen pytest -q exit 0; wheel/sdist built
