{
  "kernel": "15a5af5becdc332b6deaf8e7d7634a82d4032e37",
  "scope": "Real candidate builds and installed CLI, with byte-verified source coverage",
  "results": [
    {
      "candidate": "0.1.1rc1",
      "installed_version": "ranex 0.1.1rc1",
      "source_matches": true,
      "release_refusal": "RELEASE-REFUSED: release requires a three-part final package version",
      "artifacts": {
        ".gitignore": "684888c0ebb17f374298b65ee2807526c066094c701bcc7ebbe1c1095f494fc1",
        "ranex-0.1.1rc1-py3-none-any.whl": "ffd00900f818e3746102c8165a9af4a6c802a58f01b7a1398e24447262a2b7af",
        "ranex-0.1.1rc1.tar.gz": "62714448dccd8e28ec7073800e9882ba1ef3f4d99382b852b2e0f047698769ef"
      }
    },
    {
      "candidate": "0.1.1000",
      "installed_version": "ranex 0.1.1000",
      "source_matches": true,
      "release_refusal": "RELEASE-REFUSED: patch field exceeds three digits; choose a new minor release",
      "artifacts": {
        ".gitignore": "684888c0ebb17f374298b65ee2807526c066094c701bcc7ebbe1c1095f494fc1",
        "ranex-0.1.1000-py3-none-any.whl": "5e7b1dda76f1da69a3406c510a4f74565c975e32cb28ef3c062643254a0456d3",
        "ranex-0.1.1000.tar.gz": "2f5c2c2b84bb0f6cbc782e7f76347765a48cf67d98f082ca5eea6169358dc20e"
      }
    }
  ]
}
