test	Run uv run --frozen pytest -q -rs	﻿2026-09-06T08:18:40.9380118Z ##[group]Run uv run --frozen pytest -q -rs
test	Run uv run --frozen pytest -q -rs	2026-09-06T08:18:40.9380501Z ^[[36;1muv run --frozen pytest -q -rs^[[0m
test	Run uv run --frozen pytest -q -rs	2026-09-06T08:18:40.9416240Z shell: /usr/bin/bash -e {0}
test	Run uv run --frozen pytest -q -rs	2026-09-06T08:18:40.9416505Z env:
test	Run uv run --frozen pytest -q -rs	2026-09-06T08:18:40.9416793Z   UV_PYTHON_INSTALL_DIR: /home/runner/work/_temp/uv-python-dir
test	Run uv run --frozen pytest -q -rs	2026-09-06T08:18:40.9417153Z   UV_PYTHON: 3.14
test	Run uv run --frozen pytest -q -rs	2026-09-06T08:18:40.9417430Z   UV_CACHE_DIR: /home/runner/work/_temp/setup-uv-cache
test	Run uv run --frozen pytest -q -rs	2026-09-06T08:18:40.9417734Z ##[endgroup]
test	Run uv run --frozen pytest -q -rs	2026-09-06T08:18:45.4901419Z ............F........................................................... [  4%]
test	Run uv run --frozen pytest -q -rs	2026-09-06T08:18:50.4530932Z ..........................sssssss....................................... [  8%]
test	Run uv run --frozen pytest -q -rs	2026-09-06T08:18:50.6638399Z ........................................................................ [ 12%]
test	Run uv run --frozen pytest -q -rs	2026-09-06T08:18:55.7716168Z ........................................................................ [ 16%]
test	Run uv run --frozen pytest -q -rs	2026-09-06T08:19:35.5601455Z ........s.............................sssssssss..sssss.sss...ssssssssss. [ 20%]
test	Run uv run --frozen pytest -q -rs	2026-09-06T08:19:56.9861548Z ssssssssss................................ssssssssssssssss.ssssss....... [ 24%]
test	Run uv run --frozen pytest -q -rs	2026-09-06T08:20:33.2729863Z ................s..................ss..................ss............... [ 28%]
test	Run uv run --frozen pytest -q -rs	2026-09-06T08:20:39.1468611Z ..ss...s..ssss.........s................................................ [ 32%]
test	Run uv run --frozen pytest -q -rs	2026-09-06T08:20:43.0236378Z ......................................................sssssssssssssssss. [ 36%]
test	Run uv run --frozen pytest -q -rs	2026-09-06T08:21:03.0880250Z ........................................................................ [ 40%]
test	Run uv run --frozen pytest -q -rs	2026-09-06T08:21:11.4785533Z ....ssssssssssssssssss....................sss........................... [ 44%]
test	Run uv run --frozen pytest -q -rs	2026-09-06T08:21:12.3048234Z ........................................................................ [ 48%]
test	Run uv run --frozen pytest -q -rs	2026-09-06T08:21:26.7178563Z ........................................................................ [ 52%]
test	Run uv run --frozen pytest -q -rs	2026-09-06T08:21:33.4842217Z ........................................................................ [ 56%]
test	Run uv run --frozen pytest -q -rs	2026-09-06T08:21:44.6836696Z ........................................................................ [ 60%]
test	Run uv run --frozen pytest -q -rs	2026-09-06T08:23:01.4196090Z ........................................................................ [ 64%]
test	Run uv run --frozen pytest -q -rs	2026-09-06T08:23:06.0783933Z .........................ssss..............sss...........s.....ss....... [ 68%]
test	Run uv run --frozen pytest -q -rs	2026-09-06T08:23:08.8538469Z ..........s............................................................. [ 72%]
test	Run uv run --frozen pytest -q -rs	2026-09-06T08:23:09.4098267Z ........................................................................ [ 76%]
test	Run uv run --frozen pytest -q -rs	2026-09-06T08:23:09.4834571Z ........................................................................ [ 80%]
test	Run uv run --frozen pytest -q -rs	2026-09-06T08:23:10.2407703Z ........................................................................ [ 84%]
test	Run uv run --frozen pytest -q -rs	2026-09-06T08:23:11.4654750Z ........................................................................ [ 88%]
test	Run uv run --frozen pytest -q -rs	2026-09-06T08:23:11.6216749Z ........................................................................ [ 92%]
test	Run uv run --frozen pytest -q -rs	2026-09-06T08:23:11.8723620Z ........................................................................ [ 96%]
test	Run uv run --frozen pytest -q -rs	2026-09-06T08:23:13.1696676Z ...................................................................      [100%]
test	Run uv run --frozen pytest -q -rs	2026-09-06T08:23:13.1697871Z =================================== FAILURES ===================================
test	Run uv run --frozen pytest -q -rs	2026-09-06T08:23:13.1699131Z _____ test_ci_workflow_runs_the_full_suite_on_every_push_and_pull_request ______
test	Run uv run --frozen pytest -q -rs	2026-09-06T08:23:13.1700054Z 
test	Run uv run --frozen pytest -q -rs	2026-09-06T08:23:13.1700772Z     def test_ci_workflow_runs_the_full_suite_on_every_push_and_pull_request() -> None:
test	Run uv run --frozen pytest -q -rs	2026-09-06T08:23:13.1702854Z         """CI must be a real, minimal gate rather than an aspirational YAML file."""
test	Run uv run --frozen pytest -q -rs	2026-09-06T08:23:13.1703953Z     
test	Run uv run --frozen pytest -q -rs	2026-09-06T08:23:13.1704634Z         workflow_text = WORKFLOW.read_text(encoding="utf-8")
test	Run uv run --frozen pytest -q -rs	2026-09-06T08:23:13.1705763Z         workflow = yaml.safe_load(workflow_text)
test	Run uv run --frozen pytest -q -rs	2026-09-06T08:23:13.1706730Z     
test	Run uv run --frozen pytest -q -rs	2026-09-06T08:23:13.1707414Z         assert isinstance(workflow, dict)
test	Run uv run --frozen pytest -q -rs	2026-09-06T08:23:13.1708690Z         # PyYAML follows YAML 1.1, under which the unquoted GitHub Actions key
test	Run uv run --frozen pytest -q -rs	2026-09-06T08:23:13.1710540Z         # ``on`` becomes True. Accept only that parser normalization or the literal.
test	Run uv run --frozen pytest -q -rs	2026-09-06T08:23:13.1711723Z         triggers = workflow.get("on", workflow.get(True))
test	Run uv run --frozen pytest -q -rs	2026-09-06T08:23:13.1712970Z         assert isinstance(triggers, dict)
test	Run uv run --frozen pytest -q -rs	2026-09-06T08:23:13.1713886Z >       assert set(triggers) == {"push", "pull_request", "schedule"}
test	Run uv run --frozen pytest -q -rs	2026-09-06T08:23:13.1715293Z E       AssertionError: assert {'pull_reques...low_dispatch'} == {'pull_reques...', 'schedule'}
test	Run uv run --frozen pytest -q -rs	2026-09-06T08:23:13.1716467Z E         
test	Run uv run --frozen pytest -q -rs	2026-09-06T08:23:13.1716989Z E         Extra items in the left set:
test	Run uv run --frozen pytest -q -rs	2026-09-06T08:23:13.1717742Z E         'workflow_dispatch'
test	Run uv run --frozen pytest -q -rs	2026-09-06T08:23:13.1718395Z E         
test	Run uv run --frozen pytest -q -rs	2026-09-06T08:23:13.1718809Z E         Full diff:
test	Run uv run --frozen pytest -q -rs	2026-09-06T08:23:13.1719302Z E           {
test	Run uv run --frozen pytest -q -rs	2026-09-06T08:23:13.1719695Z E               'pull_request',
test	Run uv run --frozen pytest -q -rs	2026-09-06T08:23:13.1720125Z E               'push',
test	Run uv run --frozen pytest -q -rs	2026-09-06T08:23:13.1720532Z E               'schedule',
test	Run uv run --frozen pytest -q -rs	2026-09-06T08:23:13.1720979Z E         +     'workflow_dispatch',
test	Run uv run --frozen pytest -q -rs	2026-09-06T08:23:13.1721482Z E           }
test	Run uv run --frozen pytest -q -rs	2026-09-06T08:23:13.1721708Z 
test	Run uv run --frozen pytest -q -rs	2026-09-06T08:23:13.1721882Z tests/contract/test_ci_workflow.py:42: AssertionError
test	Run uv run --frozen pytest -q -rs	2026-09-06T08:23:13.1722606Z =========================== short test summary info ============================
test	Run uv run --frozen pytest -q -rs	2026-09-06T08:23:13.1723297Z SKIPPED [1] tests/contract/test_plugin_lock.py:48: harness fork not present at /home/runner/work/ranex/ranex-harness (set RANEX_HARNESS_DIR)
test	Run uv run --frozen pytest -q -rs	2026-09-06T08:23:13.1724222Z SKIPPED [1] tests/contract/test_plugin_lock.py:55: harness fork not present at /home/runner/work/ranex/ranex-harness (set RANEX_HARNESS_DIR)
test	Run uv run --frozen pytest -q -rs	2026-09-06T08:23:13.1725199Z SKIPPED [1] tests/contract/test_plugin_lock.py:64: harness fork not present at /home/runner/work/ranex/ranex-harness (set RANEX_HARNESS_DIR)
test	Run uv run --frozen pytest -q -rs	2026-09-06T08:23:13.1726094Z SKIPPED [1] tests/contract/test_plugin_lock.py:71: harness fork not present at /home/runner/work/ranex/ranex-harness (set RANEX_HARNESS_DIR)
test	Run uv run --frozen pytest -q -rs	2026-09-06T08:23:13.1726987Z SKIPPED [1] tests/contract/test_plugin_lock.py:77: harness fork not present at /home/runner/work/ranex/ranex-harness (set RANEX_HARNESS_DIR)
test	Run uv run --frozen pytest -q -rs	2026-09-06T08:23:13.1727884Z SKIPPED [1] tests/contract/test_plugin_lock.py:90: harness fork not present at /home/runner/work/ranex/ranex-harness (set RANEX_HARNESS_DIR)
test	Run uv run --frozen pytest -q -rs	2026-09-06T08:23:13.1728771Z SKIPPED [1] tests/contract/test_plugin_lock.py:99: harness fork not present at /home/runner/work/ranex/ranex-harness (set RANEX_HARNESS_DIR)
test	Run uv run --frozen pytest -q -rs	2026-09-06T08:23:13.1729659Z SKIPPED [1] tests/contract/test_trace_invariance.py:569: SLICE-054 real confinement unavailable: no delegated writable cgroup-v2 root
test	Run uv run --frozen pytest -q -rs	2026-09-06T08:23:13.1730954Z SKIPPED [9] tests/e2e/test_cold_start_journey.py:152: depends on resolver: the resolver in governance/deps.yaml is absent or does not match its digest; a new operator installs it first
test	Run uv run --frozen pytest -q -rs	2026-09-06T08:23:13.1732907Z SKIPPED [1] tests/e2e/test_confinement_real.py:608: ranex-prereq:qualified_host: the pinned launcher build closure does not match this host (1 of 213 traced inputs differ, e.g. /etc/ld.so.cache) — launcher-build refuses E-C17-BUILD-INPUT-DRIFT here
test	Run uv run --frozen pytest -q -rs	2026-09-06T08:23:13.1734979Z SKIPPED [1] tests/e2e/test_confinement_real.py:1123: ranex-prereq:qualified_host: the pinned launcher build closure does not match this host (1 of 213 traced inputs differ, e.g. /etc/ld.so.cache) — launcher-build refuses E-C17-BUILD-INPUT-DRIFT here
test	Run uv run --frozen pytest -q -rs	2026-09-06T08:23:13.1738343Z SKIPPED [1] tests/e2e/test_confinement_real.py:1273: ranex-prereq:qualified_host: the pinned launcher build closure does not match this host (1 of 213 traced inputs differ, e.g. /etc/ld.so.cache) — launcher-build refuses E-C17-BUILD-INPUT-DRIFT here
test	Run uv run --frozen pytest -q -rs	2026-09-06T08:23:13.1740256Z SKIPPED [1] tests/e2e/test_confinement_real.py:1314: ranex-prereq:qualified_host: the pinned launcher build closure does not match this host (1 of 213 traced inputs differ, e.g. /etc/ld.so.cache) — launcher-build refuses E-C17-BUILD-INPUT-DRIFT here
test	Run uv run --frozen pytest -q -rs	2026-09-06T08:23:13.1742197Z SKIPPED [1] tests/e2e/test_confinement_real.py:1330: ranex-prereq:qualified_host: the pinned launcher build closure does not match this host (1 of 213 traced inputs differ, e.g. /etc/ld.so.cache) — launcher-build refuses E-C17-BUILD-INPUT-DRIFT here
test	Run uv run --frozen pytest -q -rs	2026-09-06T08:23:13.1744761Z SKIPPED [1] tests/e2e/test_delegated_probe_serialization.py:284: ranex-context:host-capability: pinned launcher build closure does not match this host — launcher-build refuses E-C17-BUILD-INPUT-DRIFT here (the pinned launcher build closure does not match this host (1 of 213 traced inputs differ, e.g. /etc/ld.so.cache) — launcher-build refuses E-C17-BUILD-INPUT-DRIFT here)
test	Run uv run --frozen pytest -q -rs	2026-09-06T08:23:13.1747476Z SKIPPED [2] tests/e2e/test_delegated_session_serialization.py:104: ranex-context:host-capability: pinned launcher build closure does not match this host — launcher-build refuses E-C17-BUILD-INPUT-DRIFT here (the pinned launcher build closure does not match this host (1 of 213 traced inputs differ, e.g. /etc/ld.so.cache) — launcher-build refuses E-C17-BUILD-INPUT-DRIFT here)
test	Run uv run --frozen pytest -q -rs	2026-09-06T08:23:13.1749146Z SKIPPED [1] tests/e2e/test_deps_real.py:778: ranex-prereq:pinned_resolver: the pinned resolver is absent at /usr/local/bin/uv
test	Run uv run --frozen pytest -q -rs	2026-09-06T08:23:13.1749965Z SKIPPED [1] tests/e2e/test_deps_real.py:815: ranex-prereq:pinned_resolver: the pinned resolver is absent at /usr/local/bin/uv
test	Run uv run --frozen pytest -q -rs	2026-09-06T08:23:13.1750779Z SKIPPED [1] tests/e2e/test_deps_real.py:842: ranex-prereq:pinned_resolver: the pinned resolver is absent at /usr/local/bin/uv
test	Run uv run --frozen pytest -q -rs	2026-09-06T08:23:13.1751576Z SKIPPED [1] tests/e2e/test_deps_real.py:864: ranex-prereq:pinned_resolver: the pinned resolver is absent at /usr/local/bin/uv
test	Run uv run --frozen pytest -q -rs	2026-09-06T08:23:13.1752646Z SKIPPED [1] tests/e2e/test_deps_real.py:878: ranex-prereq:pinned_resolver: the pinned resolver is absent at /usr/local/bin/uv
test	Run uv run --frozen pytest -q -rs	2026-09-06T08:23:13.1753455Z SKIPPED [1] tests/e2e/test_deps_real.py:900: ranex-prereq:pinned_resolver: the pinned resolver is absent at /usr/local/bin/uv
test	Run uv run --frozen pytest -q -rs	2026-09-06T08:23:13.1754246Z SKIPPED [1] tests/e2e/test_deps_real.py:961: ranex-prereq:pinned_resolver: the pinned resolver is absent at /usr/local/bin/uv
test	Run uv run --frozen pytest -q -rs	2026-09-06T08:23:13.1755043Z SKIPPED [1] tests/e2e/test_deps_real.py:978: ranex-prereq:pinned_resolver: the pinned resolver is absent at /usr/local/bin/uv
test	Run uv run --frozen pytest -q -rs	2026-09-06T08:23:13.1755842Z SKIPPED [1] tests/e2e/test_deps_real.py:994: ranex-prereq:pinned_resolver: the pinned resolver is absent at /usr/local/bin/uv
test	Run uv run --frozen pytest -q -rs	2026-09-06T08:23:13.1756643Z SKIPPED [1] tests/e2e/test_deps_real.py:1016: ranex-prereq:pinned_resolver: the pinned resolver is absent at /usr/local/bin/uv
test	Run uv run --frozen pytest -q -rs	2026-09-06T08:23:13.1758073Z SKIPPED [1] tests/e2e/test_dynamic_runtime_closure_real.py:343: ranex-prereq:qualified_host: the pinned launcher build closure does not match this host (1 of 213 traced inputs differ, e.g. /etc/ld.so.cache) — launcher-build refuses E-C17-BUILD-INPUT-DRIFT here
test	Run uv run --frozen pytest -q -rs	2026-09-06T08:23:13.1760069Z SKIPPED [1] tests/e2e/test_dynamic_runtime_closure_real.py:356: ranex-prereq:qualified_host: the pinned launcher build closure does not match this host (1 of 213 traced inputs differ, e.g. /etc/ld.so.cache) — launcher-build refuses E-C17-BUILD-INPUT-DRIFT here
test	Run uv run --frozen pytest -q -rs	2026-09-06T08:23:13.1761940Z SKIPPED [1] tests/e2e/test_dynamic_runtime_closure_real.py:426: ranex-prereq:qualified_host: the pinned launcher build closure does not match this host (1 of 213 traced inputs differ, e.g. /etc/ld.so.cache) — launcher-build refuses E-C17-BUILD-INPUT-DRIFT here
test	Run uv run --frozen pytest -q -rs	2026-09-06T08:23:13.1763918Z SKIPPED [5] tests/e2e/test_dynamic_runtime_closure_real.py:465: ranex-prereq:qualified_host: the pinned launcher build closure does not match this host (1 of 213 traced inputs differ, e.g. /etc/ld.so.cache) — launcher-build refuses E-C17-BUILD-INPUT-DRIFT here
test	Run uv run --frozen pytest -q -rs	2026-09-06T08:23:13.1765751Z SKIPPED [2] tests/e2e/test_dynamic_runtime_closure_real.py:491: ranex-prereq:qualified_host: the pinned launcher build closure does not match this host (1 of 213 traced inputs differ, e.g. /etc/ld.so.cache) — launcher-build refuses E-C17-BUILD-INPUT-DRIFT here
test	Run uv run --frozen pytest -q -rs	2026-09-06T08:23:13.1767147Z SKIPPED [15] tests/e2e/test_gating_real_suite.py:221: depends on resolver: the resolver named in governance/deps.yaml is absent or its bytes do not match the pinned sha256
test	Run uv run --frozen pytest -q -rs	2026-09-06T08:23:13.1768214Z SKIPPED [1] tests/e2e/test_gating_real_suite.py:1010: the pinned resolver is absent or does not match its digest
test	Run uv run --frozen pytest -q -rs	2026-09-06T08:23:13.1769066Z SKIPPED [1] tests/e2e/test_gear_mesh_candidate_verdict.py:168: harness fork not present at /home/runner/work/ranex/ranex-harness (set RANEX_HARNESS_DIR)
test	Run uv run --frozen pytest -q -rs	2026-09-06T08:23:13.1770524Z SKIPPED [1] tests/e2e/test_host_workflow_real.py:258: ranex-prereq:qualified_host: the pinned launcher build closure does not match this host (1 of 213 traced inputs differ, e.g. /etc/ld.so.cache) — launcher-build refuses E-C17-BUILD-INPUT-DRIFT here
test	Run uv run --frozen pytest -q -rs	2026-09-06T08:23:13.1772451Z SKIPPED [1] tests/e2e/test_host_workflow_real.py:316: ranex-prereq:qualified_host: the pinned launcher build closure does not match this host (1 of 213 traced inputs differ, e.g. /etc/ld.so.cache) — launcher-build refuses E-C17-BUILD-INPUT-DRIFT here
test	Run uv run --frozen pytest -q -rs	2026-09-06T08:23:13.1774334Z SKIPPED [1] tests/e2e/test_host_workflow_real.py:364: ranex-prereq:qualified_host: the pinned launcher build closure does not match this host (1 of 213 traced inputs differ, e.g. /etc/ld.so.cache) — launcher-build refuses E-C17-BUILD-INPUT-DRIFT here
test	Run uv run --frozen pytest -q -rs	2026-09-06T08:23:13.1776139Z SKIPPED [1] tests/e2e/test_host_workflow_real.py:403: ranex-prereq:qualified_host: the pinned launcher build closure does not match this host (1 of 213 traced inputs differ, e.g. /etc/ld.so.cache) — launcher-build refuses E-C17-BUILD-INPUT-DRIFT here
test	Run uv run --frozen pytest -q -rs	2026-09-06T08:23:13.1779608Z SKIPPED [1] tests/e2e/test_host_workflow_real.py:431: ranex-prereq:qualified_host: the pinned launcher build closure does not match this host (1 of 213 traced inputs differ, e.g. /etc/ld.so.cache) — launcher-build refuses E-C17-BUILD-INPUT-DRIFT here
test	Run uv run --frozen pytest -q -rs	2026-09-06T08:23:13.1783585Z SKIPPED [1] tests/e2e/test_run_produces_evidence.py:558: SLICE-017 host qualification unavailable: the pinned launcher build closure does not match this host (1 of 213 traced inputs differ, e.g. /etc/ld.so.cache) — launcher-build refuses E-C17-BUILD-INPUT-DRIFT here
test	Run uv run --frozen pytest -q -rs	2026-09-06T08:23:13.1785291Z SKIPPED [2] tests/e2e/test_run_real.py:650: ranex-prereq:pinned_resolver: the pinned resolver is absent at /usr/local/bin/uv
test	Run uv run --frozen pytest -q -rs	2026-09-06T08:23:13.1786329Z SKIPPED [1] tests/e2e/test_slice055_fixture_consumption_a.py:21: ranex-prereq:signing_key: RANEX_SIGNING_KEY is unset or empty; run keygen outside the repository and export its path
test	Run uv run --frozen pytest -q -rs	2026-09-06T08:23:13.1787502Z SKIPPED [1] tests/e2e/test_slice055_fixture_consumption_b.py:47: ranex-prereq:signing_key: RANEX_SIGNING_KEY is unset or empty; run keygen outside the repository and export its path
test	Run uv run --frozen pytest -q -rs	2026-09-06T08:23:13.1789837Z SKIPPED [1] tests/e2e/test_specification_subject_bootstrap.py:113: SLICE-035 Ranex real bootstrap: set RANEX_SLICE035_REAL=1
test	Run uv run --frozen pytest -q -rs	2026-09-06T08:23:13.1790809Z SKIPPED [1] tests/e2e/test_specification_subject_bootstrap.py:121: SLICE-035 kogg real bootstrap: set RANEX_SLICE035_REAL=1
test	Run uv run --frozen pytest -q -rs	2026-09-06T08:23:13.1792942Z SKIPPED [1] tests/e2e/test_strict_local_io_real.py:83: ranex-prereq:qualified_host: the pinned launcher build closure does not match this host (1 of 213 traced inputs differ, e.g. /etc/ld.so.cache) — launcher-build refuses E-C17-BUILD-INPUT-DRIFT here
test	Run uv run --frozen pytest -q -rs	2026-09-06T08:23:13.1794384Z SKIPPED [1] tests/e2e/test_suite_freeze_real.py:421: ranex-prereq:pinned_resolver: the pinned resolver is absent at /usr/local/bin/uv
test	Run uv run --frozen pytest -q -rs	2026-09-06T08:23:13.1795354Z SKIPPED [1] tests/e2e/test_suite_freeze_real.py:461: ranex-prereq:pinned_resolver: the pinned resolver is absent at /usr/local/bin/uv
test	Run uv run --frozen pytest -q -rs	2026-09-06T08:23:13.1796224Z SKIPPED [1] tests/e2e/test_suite_freeze_real.py:476: ranex-prereq:pinned_resolver: the pinned resolver is absent at /usr/local/bin/uv
test	Run uv run --frozen pytest -q -rs	2026-09-06T08:23:13.1797105Z SKIPPED [1] tests/e2e/test_suite_freeze_real.py:506: ranex-prereq:pinned_resolver: the pinned resolver is absent at /usr/local/bin/uv
test	Run uv run --frozen pytest -q -rs	2026-09-06T08:23:13.1798377Z SKIPPED [1] tests/e2e/test_task_real.py:957: ranex-context:fanout-gated: SLICE-036 (#19) has not closed; the fanout qualification assertions authored in this file stay skipped-with-name until a follow-up governed change enables them after #19 closes
test	Run uv run --frozen pytest -q -rs	2026-09-06T08:23:13.1800486Z SKIPPED [1] tests/integration/test_fork_startup_bridge.py:72: harness fork not present at /home/runner/work/ranex/ranex-harness (set RANEX_HARNESS_DIR)
test	Run uv run --frozen pytest -q -rs	2026-09-06T08:23:13.1801503Z SKIPPED [1] tests/integration/test_fork_startup_bridge.py:78: harness fork not present at /home/runner/work/ranex/ranex-harness (set RANEX_HARNESS_DIR)
test	Run uv run --frozen pytest -q -rs	2026-09-06T08:23:13.1803031Z SKIPPED [1] tests/integration/test_fork_startup_bridge.py:84: harness fork not present at /home/runner/work/ranex/ranex-harness (set RANEX_HARNESS_DIR)
test	Run uv run --frozen pytest -q -rs	2026-09-06T08:23:13.1804020Z SKIPPED [1] tests/integration/test_fork_startup_bridge.py:98: harness fork not present at /home/runner/work/ranex/ranex-harness (set RANEX_HARNESS_DIR)
test	Run uv run --frozen pytest -q -rs	2026-09-06T08:23:13.1804988Z SKIPPED [1] tests/integration/test_fork_startup_bridge.py:110: harness fork not present at /home/runner/work/ranex/ranex-harness (set RANEX_HARNESS_DIR)
test	Run uv run --frozen pytest -q -rs	2026-09-06T08:23:13.1805971Z SKIPPED [1] tests/integration/test_fork_startup_bridge.py:126: harness fork not present at /home/runner/work/ranex/ranex-harness (set RANEX_HARNESS_DIR)
test	Run uv run --frozen pytest -q -rs	2026-09-06T08:23:13.1806948Z SKIPPED [1] tests/integration/test_fork_startup_bridge.py:158: harness fork not present at /home/runner/work/ranex/ranex-harness (set RANEX_HARNESS_DIR)
test	Run uv run --frozen pytest -q -rs	2026-09-06T08:23:13.1807919Z SKIPPED [1] tests/integration/test_fork_startup_bridge.py:177: harness fork not present at /home/runner/work/ranex/ranex-harness (set RANEX_HARNESS_DIR)
test	Run uv run --frozen pytest -q -rs	2026-09-06T08:23:13.1808887Z SKIPPED [1] tests/integration/test_fork_startup_bridge.py:194: harness fork not present at /home/runner/work/ranex/ranex-harness (set RANEX_HARNESS_DIR)
test	Run uv run --frozen pytest -q -rs	2026-09-06T08:23:13.1809849Z SKIPPED [1] tests/integration/test_fork_startup_bridge.py:200: harness fork not present at /home/runner/work/ranex/ranex-harness (set RANEX_HARNESS_DIR)
test	Run uv run --frozen pytest -q -rs	2026-09-06T08:23:13.1810811Z SKIPPED [1] tests/integration/test_fork_trim_keep_set.py:93: harness fork not present at /home/runner/work/ranex/ranex-harness (set RANEX_HARNESS_DIR)
test	Run uv run --frozen pytest -q -rs	2026-09-06T08:23:13.1811765Z SKIPPED [1] tests/integration/test_fork_trim_keep_set.py:105: harness fork not present at /home/runner/work/ranex/ranex-harness (set RANEX_HARNESS_DIR)
test	Run uv run --frozen pytest -q -rs	2026-09-06T08:23:13.1812977Z SKIPPED [1] tests/integration/test_fork_trim_keep_set.py:110: harness fork not present at /home/runner/work/ranex/ranex-harness (set RANEX_HARNESS_DIR)
test	Run uv run --frozen pytest -q -rs	2026-09-06T08:23:13.1813938Z SKIPPED [1] tests/integration/test_fork_trim_keep_set.py:115: harness fork not present at /home/runner/work/ranex/ranex-harness (set RANEX_HARNESS_DIR)
test	Run uv run --frozen pytest -q -rs	2026-09-06T08:23:13.1815074Z SKIPPED [1] tests/integration/test_fork_trim_keep_set.py:123: harness fork not present at /home/runner/work/ranex/ranex-harness (set RANEX_HARNESS_DIR)
test	Run uv run --frozen pytest -q -rs	2026-09-06T08:23:13.1816023Z SKIPPED [1] tests/integration/test_fork_trim_keep_set.py:142: harness fork not present at /home/runner/work/ranex/ranex-harness (set RANEX_HARNESS_DIR)
test	Run uv run --frozen pytest -q -rs	2026-09-06T08:23:13.1816980Z SKIPPED [1] tests/integration/test_fork_trim_keep_set.py:163: harness fork not present at /home/runner/work/ranex/ranex-harness (set RANEX_HARNESS_DIR)
test	Run uv run --frozen pytest -q -rs	2026-09-06T08:23:13.1818557Z SKIPPED [1] tests/integration/test_slice017_native_launcher.py:624: SLICE-017 build host unavailable: the pinned launcher build closure does not match this host (1 of 213 traced inputs differ, e.g. /etc/ld.so.cache) — launcher-build refuses E-C17-BUILD-INPUT-DRIFT here
test	Run uv run --frozen pytest -q -rs	2026-09-06T08:23:13.1820465Z SKIPPED [1] tests/integration/test_slice017_native_launcher.py:639: SLICE-017 build host unavailable: the pinned launcher build closure does not match this host (1 of 213 traced inputs differ, e.g. /etc/ld.so.cache) — launcher-build refuses E-C17-BUILD-INPUT-DRIFT here
test	Run uv run --frozen pytest -q -rs	2026-09-06T08:23:13.1822745Z SKIPPED [1] tests/integration/test_slice017_native_launcher.py:655: SLICE-017 build host unavailable: the pinned launcher build closure does not match this host (1 of 213 traced inputs differ, e.g. /etc/ld.so.cache) — launcher-build refuses E-C17-BUILD-INPUT-DRIFT here
test	Run uv run --frozen pytest -q -rs	2026-09-06T08:23:13.1824855Z SKIPPED [1] tests/integration/test_slice017_native_launcher.py:671: SLICE-017 build host unavailable: the pinned launcher build closure does not match this host (1 of 213 traced inputs differ, e.g. /etc/ld.so.cache) — launcher-build refuses E-C17-BUILD-INPUT-DRIFT here
test	Run uv run --frozen pytest -q -rs	2026-09-06T08:23:13.1826763Z SKIPPED [1] tests/integration/test_slice017_native_launcher.py:683: SLICE-017 build host unavailable: the pinned launcher build closure does not match this host (1 of 213 traced inputs differ, e.g. /etc/ld.so.cache) — launcher-build refuses E-C17-BUILD-INPUT-DRIFT here
test	Run uv run --frozen pytest -q -rs	2026-09-06T08:23:13.1828655Z SKIPPED [1] tests/integration/test_slice017_native_launcher.py:699: SLICE-017 build host unavailable: the pinned launcher build closure does not match this host (1 of 213 traced inputs differ, e.g. /etc/ld.so.cache) — launcher-build refuses E-C17-BUILD-INPUT-DRIFT here
test	Run uv run --frozen pytest -q -rs	2026-09-06T08:23:13.1830547Z SKIPPED [1] tests/integration/test_slice017_native_launcher.py:927: SLICE-017 build host unavailable: the pinned launcher build closure does not match this host (1 of 213 traced inputs differ, e.g. /etc/ld.so.cache) — launcher-build refuses E-C17-BUILD-INPUT-DRIFT here
test	Run uv run --frozen pytest -q -rs	2026-09-06T08:23:13.1832704Z SKIPPED [1] tests/integration/test_slice017_native_launcher.py:950: SLICE-017 build host unavailable: the pinned launcher build closure does not match this host (1 of 213 traced inputs differ, e.g. /etc/ld.so.cache) — launcher-build refuses E-C17-BUILD-INPUT-DRIFT here
test	Run uv run --frozen pytest -q -rs	2026-09-06T08:23:13.1834618Z SKIPPED [1] tests/integration/test_slice017_native_launcher.py:991: SLICE-017 build host unavailable: the pinned launcher build closure does not match this host (1 of 213 traced inputs differ, e.g. /etc/ld.so.cache) — launcher-build refuses E-C17-BUILD-INPUT-DRIFT here
test	Run uv run --frozen pytest -q -rs	2026-09-06T08:23:13.1836532Z SKIPPED [1] tests/integration/test_slice017_native_launcher.py:1259: SLICE-017 build host unavailable: the pinned launcher build closure does not match this host (1 of 213 traced inputs differ, e.g. /etc/ld.so.cache) — launcher-build refuses E-C17-BUILD-INPUT-DRIFT here
test	Run uv run --frozen pytest -q -rs	2026-09-06T08:23:13.1838440Z SKIPPED [2] tests/integration/test_slice017_native_launcher.py:1305: SLICE-017 build host unavailable: the pinned launcher build closure does not match this host (1 of 213 traced inputs differ, e.g. /etc/ld.so.cache) — launcher-build refuses E-C17-BUILD-INPUT-DRIFT here
test	Run uv run --frozen pytest -q -rs	2026-09-06T08:23:13.1840353Z SKIPPED [2] tests/integration/test_slice017_native_launcher.py:1341: SLICE-017 build host unavailable: the pinned launcher build closure does not match this host (1 of 213 traced inputs differ, e.g. /etc/ld.so.cache) — launcher-build refuses E-C17-BUILD-INPUT-DRIFT here
test	Run uv run --frozen pytest -q -rs	2026-09-06T08:23:13.1842588Z SKIPPED [1] tests/integration/test_slice017_native_launcher.py:1380: SLICE-017 build host unavailable: the pinned launcher build closure does not match this host (1 of 213 traced inputs differ, e.g. /etc/ld.so.cache) — launcher-build refuses E-C17-BUILD-INPUT-DRIFT here
test	Run uv run --frozen pytest -q -rs	2026-09-06T08:23:13.1844495Z SKIPPED [3] tests/integration/test_slice017_native_launcher.py:1497: SLICE-017 build host unavailable: the pinned launcher build closure does not match this host (1 of 213 traced inputs differ, e.g. /etc/ld.so.cache) — launcher-build refuses E-C17-BUILD-INPUT-DRIFT here
test	Run uv run --frozen pytest -q -rs	2026-09-06T08:23:13.1845875Z SKIPPED [1] tests/integration/test_slice018_confinement_session.py:390: SLICE-018 host qualification unavailable: no delegated writable cgroup-v2 root
test	Run uv run --frozen pytest -q -rs	2026-09-06T08:23:13.1847305Z SKIPPED [2] tests/launcher_host.py:71: SLICE-017 build host unavailable: the pinned launcher build closure does not match this host (1 of 213 traced inputs differ, e.g. /etc/ld.so.cache) — launcher-build refuses E-C17-BUILD-INPUT-DRIFT here
test	Run uv run --frozen pytest -q -rs	2026-09-06T08:23:13.1849103Z SKIPPED [1] tests/security/test_slice017_host_qualification.py:1044: SLICE-017 build host unavailable: the pinned launcher build closure does not match this host (1 of 213 traced inputs differ, e.g. /etc/ld.so.cache) — launcher-build refuses E-C17-BUILD-INPUT-DRIFT here
test	Run uv run --frozen pytest -q -rs	2026-09-06T08:23:13.1850993Z SKIPPED [1] tests/security/test_slice017_host_qualification.py:1060: SLICE-017 build host unavailable: the pinned launcher build closure does not match this host (1 of 213 traced inputs differ, e.g. /etc/ld.so.cache) — launcher-build refuses E-C17-BUILD-INPUT-DRIFT here
test	Run uv run --frozen pytest -q -rs	2026-09-06T08:23:13.1853268Z SKIPPED [1] tests/security/test_slice017_host_qualification.py:1131: SLICE-017 build host unavailable: the pinned launcher build closure does not match this host (1 of 213 traced inputs differ, e.g. /etc/ld.so.cache) — launcher-build refuses E-C17-BUILD-INPUT-DRIFT here
test	Run uv run --frozen pytest -q -rs	2026-09-06T08:23:13.1855185Z SKIPPED [1] tests/security/test_slice017_host_qualification.py:1162: SLICE-017 build host unavailable: the pinned launcher build closure does not match this host (1 of 213 traced inputs differ, e.g. /etc/ld.so.cache) — launcher-build refuses E-C17-BUILD-INPUT-DRIFT here
test	Run uv run --frozen pytest -q -rs	2026-09-06T08:23:13.1857074Z SKIPPED [1] tests/security/test_slice017_host_qualification.py:1345: SLICE-017 build host unavailable: the pinned launcher build closure does not match this host (1 of 213 traced inputs differ, e.g. /etc/ld.so.cache) — launcher-build refuses E-C17-BUILD-INPUT-DRIFT here
test	Run uv run --frozen pytest -q -rs	2026-09-06T08:23:13.1858977Z SKIPPED [1] tests/security/test_slice017_host_qualification.py:1368: SLICE-017 build host unavailable: the pinned launcher build closure does not match this host (1 of 213 traced inputs differ, e.g. /etc/ld.so.cache) — launcher-build refuses E-C17-BUILD-INPUT-DRIFT here
test	Run uv run --frozen pytest -q -rs	2026-09-06T08:23:13.1860872Z SKIPPED [1] tests/security/test_slice017_host_qualification.py:1506: SLICE-017 build host unavailable: the pinned launcher build closure does not match this host (1 of 213 traced inputs differ, e.g. /etc/ld.so.cache) — launcher-build refuses E-C17-BUILD-INPUT-DRIFT here
test	Run uv run --frozen pytest -q -rs	2026-09-06T08:23:13.1862582Z SKIPPED [1] tests/security/test_slice018_cgroup_output_lifecycle.py:180: CAP_MKNOD unavailable — device-node output-tamper refusal is host-unverified
test	Run uv run --frozen pytest -q -rs	2026-09-06T08:23:13.1863618Z SKIPPED [2] tests/security/test_slice018_cgroup_output_lifecycle.py:244: SLICE-018 host qualification unavailable: delegated cgroup-v2 root is not writable
test	Run uv run --frozen pytest -q -rs	2026-09-06T08:23:13.1865347Z SKIPPED [1] tests/security/test_slice046_cmd_run_confinement.py:269: SLICE-046 real session unavailable: {"detail":"cannot open cgroup.kill at /sys/fs/cgroup/system.slice/hosted-compute-agent.service/cgroup.kill: [Errno 13] Permission denied: '/sys/fs/cgroup/system.slice/hosted-compute-agent.service/cgroup.kill'","refusal":"E-C17-CGROUP-DELEGATION"}
test	Run uv run --frozen pytest -q -rs	2026-09-06T08:23:13.1866763Z 1 failed, 1665 passed, 129 skipped in 271.43s (0:04:31)
test	Run uv run --frozen pytest -q -rs	2026-09-06T08:23:13.3917192Z ##[error]Process completed with exit code 1.
